/home/test/miniconda/envs/cakekv/lib/python3.10/site-packages/jieba/_compat.py:18: UserWarning: pkg_resources is deprecated as an API. See https://setuptools.pypa.io/en/latest/pkg_resources.html. The pkg_resources package is slated for removal as early as 2025-11-30. Refrain from using this package or pin to Setuptools<81.
  import pkg_resources
/home/test/miniconda/envs/cakekv/lib/python3.10/site-packages/fuzzywuzzy/fuzz.py:11: UserWarning: Using slow pure-python SequenceMatcher. Install python-Levenshtein to remove this warning
  warnings.warn('Using slow pure-python SequenceMatcher. Install python-Levenshtein to remove this warning')
dataset narrativeqa method FullKV scores None
dataset narrativeqa method random scores None
dataset narrativeqa method SnapKV scores None
dataset narrativeqa method StreamingLLM scores None
dataset narrativeqa method H2O scores None
dataset narrativeqa method PyramidKV scores None
dataset narrativeqa method L2Norm scores None
dataset narrativeqa method CAM scores None
dataset narrativeqa method ThinK scores None
dataset qasper method FullKV scores None
dataset qasper method random scores None
dataset qasper method SnapKV scores None
dataset qasper method StreamingLLM scores None
dataset qasper method H2O scores None
dataset qasper method PyramidKV scores None
dataset qasper method L2Norm scores None
dataset qasper method CAM scores None
dataset qasper method ThinK scores None
dataset multifieldqa_en method FullKV scores None
dataset multifieldqa_en method random scores None
dataset multifieldqa_en method SnapKV scores None
dataset multifieldqa_en method StreamingLLM scores None
dataset multifieldqa_en method H2O scores None
dataset multifieldqa_en method PyramidKV scores None
dataset multifieldqa_en method L2Norm scores None
dataset multifieldqa_en method CAM scores None
dataset multifieldqa_en method ThinK scores None
dataset hotpotqa method FullKV scores None
dataset hotpotqa method random scores None
dataset hotpotqa method SnapKV scores None
dataset hotpotqa method StreamingLLM scores None
dataset hotpotqa method H2O scores None
dataset hotpotqa method PyramidKV scores None
dataset hotpotqa method L2Norm scores None
dataset hotpotqa method CAM scores None
dataset hotpotqa method ThinK scores None
dataset 2wikimqa method FullKV scores None
dataset 2wikimqa method random scores None
dataset 2wikimqa method SnapKV scores None
dataset 2wikimqa method StreamingLLM scores None
dataset 2wikimqa method H2O scores None
dataset 2wikimqa method PyramidKV scores None
dataset 2wikimqa method L2Norm scores None
dataset 2wikimqa method CAM scores None
dataset 2wikimqa method ThinK scores None
dataset musique method FullKV scores None
dataset musique method random scores None
dataset musique method SnapKV scores None
dataset musique method StreamingLLM scores None
dataset musique method H2O scores None
dataset musique method PyramidKV scores None
dataset musique method L2Norm scores None
dataset musique method CAM scores None
dataset musique method ThinK scores None
dataset gov_report method FullKV scores None
dataset gov_report method random scores None
dataset gov_report method SnapKV scores None
dataset gov_report method StreamingLLM scores None
dataset gov_report method H2O scores None
dataset gov_report method PyramidKV scores None
dataset gov_report method L2Norm scores None
dataset gov_report method CAM scores None
dataset gov_report method ThinK scores None
dataset qmsum method FullKV scores None
dataset qmsum method random scores None
dataset qmsum method SnapKV scores None
dataset qmsum method StreamingLLM scores None
dataset qmsum method H2O scores None
dataset qmsum method PyramidKV scores None
dataset qmsum method L2Norm scores None
dataset qmsum method CAM scores None
dataset qmsum method ThinK scores None
dataset multi_news method FullKV scores None
dataset multi_news method random scores None
dataset multi_news method SnapKV scores None
dataset multi_news method StreamingLLM scores None
dataset multi_news method H2O scores None
dataset multi_news method PyramidKV scores None
dataset multi_news method L2Norm scores None
dataset multi_news method CAM scores None
dataset multi_news method ThinK scores None
dataset trec method FullKV scores None
dataset trec method random scores None
dataset trec method SnapKV scores None
dataset trec method StreamingLLM scores None
dataset trec method H2O scores None
dataset trec method PyramidKV scores None
dataset trec method L2Norm scores None
dataset trec method CAM scores None
dataset trec method ThinK scores None
dataset triviaqa method FullKV scores None
dataset triviaqa method random scores None
dataset triviaqa method SnapKV scores None
dataset triviaqa method StreamingLLM scores None
dataset triviaqa method H2O scores None
dataset triviaqa method PyramidKV scores None
dataset triviaqa method L2Norm scores None
dataset triviaqa method CAM scores None
dataset triviaqa method ThinK scores None
dataset samsum method FullKV scores None
dataset samsum method random scores None
dataset samsum method SnapKV scores None
dataset samsum method StreamingLLM scores None
dataset samsum method H2O scores None
dataset samsum method PyramidKV scores None
dataset samsum method L2Norm scores None
dataset samsum method CAM scores None
dataset samsum method ThinK scores None
dataset passage_count method FullKV scores None
dataset passage_count method random scores None
dataset passage_count method SnapKV scores None
dataset passage_count method StreamingLLM scores None
dataset passage_count method H2O scores None
dataset passage_count method PyramidKV scores None
dataset passage_count method L2Norm scores None
dataset passage_count method CAM scores None
dataset passage_count method ThinK scores None
dataset passage_retrieval_en method FullKV scores None
dataset passage_retrieval_en method random scores None
dataset passage_retrieval_en method SnapKV scores None
dataset passage_retrieval_en method StreamingLLM scores None
dataset passage_retrieval_en method H2O scores None
dataset passage_retrieval_en method PyramidKV scores None
dataset passage_retrieval_en method L2Norm scores None
dataset passage_retrieval_en method CAM scores None
dataset passage_retrieval_en method ThinK scores None
dataset lcc method FullKV scores None
dataset lcc method random scores None
dataset lcc method SnapKV scores None
dataset lcc method StreamingLLM scores None
dataset lcc method H2O scores None
dataset lcc method PyramidKV scores None
dataset lcc method L2Norm scores None
dataset lcc method CAM scores None
dataset lcc method ThinK scores None
dataset repobench-p method FullKV scores None
dataset repobench-p method random scores None
dataset repobench-p method SnapKV scores None
dataset repobench-p method StreamingLLM scores None
dataset repobench-p method H2O scores None
dataset repobench-p method PyramidKV scores None
dataset repobench-p method L2Norm scores None
dataset repobench-p method CAM scores None
dataset repobench-p method ThinK scores None
