\BOOKMARK [1][-]{section.1}{\376\377\000I\000n\000t\000r\000o\000d\000u\000c\000t\000i\000o\000n}{}% 1
\BOOKMARK [1][-]{section.2}{\376\377\000R\000e\000l\000a\000t\000e\000d\000\040\000W\000o\000r\000k}{}% 2
\BOOKMARK [1][-]{section.3}{\376\377\000M\000e\000t\000h\000o\000d}{}% 3
\BOOKMARK [2][-]{subsection.3.1}{\376\377\000P\000r\000o\000b\000l\000e\000m\000\040\000F\000o\000r\000m\000u\000l\000a\000t\000i\000o\000n}{section.3}% 4
\BOOKMARK [2][-]{subsection.3.2}{\376\377\000S\000e\000a\000r\000c\000h\000\040\000P\000r\000o\000c\000e\000d\000u\000r\000e\000\040\000\050\000M\000O\000S\000A\000I\000C\000\040\040\024\000\040\000F\000o\000u\000r\000-\000S\000t\000a\000g\000e\000\040\000P\000i\000p\000e\000l\000i\000n\000e\000\051}{section.3}% 5
\BOOKMARK [1][-]{section.4}{\376\377\000E\000x\000p\000e\000r\000i\000m\000e\000n\000t\000s}{}% 6
\BOOKMARK [2][-]{subsection.4.1}{\376\377\000S\000e\000t\000u\000p}{section.4}% 7
\BOOKMARK [2][-]{subsection.4.2}{\376\377\000K\000e\000y\000\040\000F\000i\000n\000d\000i\000n\000g\000s\000\040\040\024\000\040\000L\000o\000n\000g\000B\000e\000n\000c\000h}{section.4}% 8
\BOOKMARK [2][-]{subsection.4.3}{\376\377\000K\000e\000y\000\040\000F\000i\000n\000d\000i\000n\000g\000s\000\040\040\024\000\040\000R\000U\000L\000E\000R}{section.4}% 9
\BOOKMARK [1][-]{section.5}{\376\377\000A\000n\000a\000l\000y\000s\000i\000s}{}% 10
\BOOKMARK [2][-]{subsection.5.1}{\376\377\000S\000h\000a\000r\000e\000d\000\040\000L\000a\000y\000e\000r\000\040\000S\000t\000r\000u\000c\000t\000u\000r\000e}{section.5}% 11
\BOOKMARK [2][-]{subsection.5.2}{\376\377\000T\000a\000s\000k\000\040\000a\000n\000d\000\040\000M\000e\000t\000h\000o\000d\000\040\000P\000a\000t\000t\000e\000r\000n\000s}{section.5}% 12
\BOOKMARK [1][-]{section.6}{\376\377\000C\000o\000m\000p\000a\000r\000i\000s\000o\000n\000\040\000w\000i\000t\000h\000\040\000E\000v\000o\000l\000K\000V}{}% 13
\BOOKMARK [1][-]{section.7}{\376\377\000C\000o\000n\000c\000l\000u\000s\000i\000o\000n}{}% 14
\BOOKMARK [1][-]{appendix.A}{\376\377\000P\000e\000r\000-\000C\000e\000l\000l\000\040\000R\000e\000s\000u\000l\000t\000s}{}% 15
\BOOKMARK [1][-]{appendix.B}{\376\377\000C\000a\000l\000i\000b\000r\000a\000t\000i\000o\000n\000\040\000S\000c\000o\000r\000e\000s\000\040\000v\000s\000.\000\040\000F\000u\000l\000l\000-\000D\000a\000t\000a\000\040\000S\000c\000o\000r\000e\000s}{}% 16
\BOOKMARK [1][-]{appendix.C}{\376\377\000S\000h\000a\000p\000e\000\040\000T\000r\000a\000n\000s\000f\000e\000r\000\040\000A\000c\000r\000o\000s\000s\000\040\000T\000a\000s\000k\000s\000\040\000a\000n\000d\000\040\000M\000e\000t\000h\000o\000d\000s}{}% 17
\BOOKMARK [1][-]{appendix.D}{\376\377\000S\000e\000a\000r\000c\000h\000\040\000C\000o\000s\000t}{}% 18
\BOOKMARK [1][-]{appendix.E}{\376\377\000C\000h\000o\000i\000c\000e\000\040\000o\000f\000\040\000t\000h\000e\000\040\000P\000e\000r\000-\000L\000a\000y\000e\000r\000\040\000F\000l\000o\000o\000r}{}% 19
\BOOKMARK [1][-]{appendix.F}{\376\377\000A\000d\000a\000K\000V\000\040\000a\000n\000d\000\040\000L\0002\000N\000o\000r\000m\000\040\000P\000e\000r\000-\000L\000a\000y\000e\000r\000\040\000A\000l\000l\000o\000c\000a\000t\000i\000o\000n\000s}{}% 20
\BOOKMARK [1][-]{appendix.G}{\376\377\000F\000u\000r\000t\000h\000e\000r\000\040\000R\000e\000l\000a\000t\000e\000d\000\040\000W\000o\000r\000k}{}% 21
\BOOKMARK [1][-]{appendix.H}{\376\377\000R\000e\000p\000r\000o\000d\000u\000c\000i\000b\000i\000l\000i\000t\000y\000\040\000D\000e\000t\000a\000i\000l\000s}{}% 22
\BOOKMARK [1][-]{appendix.I}{\376\377\000S\000u\000b\000t\000a\000s\000k\000\040\000a\000n\000d\000\040\000D\000a\000t\000a\000s\000e\000t\000\040\000B\000r\000e\000a\000k\000d\000o\000w\000n}{}% 23
\BOOKMARK [2][-]{subsection.I.1}{\376\377\000R\000U\000L\000E\000R\000\040\000S\000u\000b\000t\000a\000s\000k\000\040\000B\000r\000e\000a\000k\000d\000o\000w\000n}{appendix.I}% 24
\BOOKMARK [2][-]{subsection.I.2}{\376\377\000L\000o\000n\000g\000B\000e\000n\000c\000h\000\040\000D\000a\000t\000a\000s\000e\000t\000\040\000B\000r\000e\000a\000k\000d\000o\000w\000n}{appendix.I}% 25
